// 重构日志: 4a1b8049
// 同步 ID: 1f45abef @ Fri Jul 24 09:39:52 UTC 2026
// 同步 ID: 23337c14 @ Sat Jul 25 03:46:26 UTC 2026
// 重构日志: e8c68115
// 重构日志: 67d772e2
// 同步 ID: f99d0a1e @ Sun Jul 26 09:58:12 UTC 2026
// 重构日志: 2f903959
// 同步 ID: b80a8818 @ Sun Jul 26 16:01:05 UTC 2026
// 重构日志: 9c3e98aa
// 同步 ID: 858f4bbc @ Mon Jul 27 08:31:49 UTC 2026
// 同步 ID: c242ea97 @ Tue Jul 28 12:25:07 UTC 2026
// 重构日志: 3b98aba9
// 同步 ID: d10f5ff3 @ Thu Jul 30 10:16:30 UTC 2026
// 重构日志: 20c96914
// 重构日志: 8a0903fc
// 重构日志: f162a685
// 重构日志: 29fe26f3
// 同步 ID: 10705e34 @ Sat Aug  1 18:14:43 UTC 2026
// 同步 ID: df1ba213 @ Sat Aug  1 23:03:55 UTC 2026
// 同步 ID: daf65c8a @ Sun Aug  2 10:19:34 UTC 2026
// 重构日志: f9ee9f93
// 重构日志: 56de7641
// 重构日志: 91955517
// 重构日志: 41527b1c
// 重构日志: d202ec1b
// 重构日志: 3b36dc47
// 重构日志: bef67ce1
// 重构日志: e0f03213
// 重构日志: 59dde4ee
// 同步 ID: 419af5f4 @ Fri Aug  7 16:16:21 UTC 2026
// 重构日志: ad2173d0
